Archive member included to satisfy reference by file (symbol)

/home/pavs/Ac6/SystemWorkbench/plugins/fr.ac6.mcu.externaltools.arm-none.linux64_1.17.0.201812190825/tools/compiler/bin/../lib/gcc/arm-none-eabi/7.3.1/thumb/v7e-m/fpv4-sp/hard/libgcc.a(_aeabi_uldivmod.o)
                              Drivers/STM32L4xx_HAL_Driver/Src/stm32l4xx_hal_uart.o (__aeabi_uldivmod)
/home/pavs/Ac6/SystemWorkbench/plugins/fr.ac6.mcu.externaltools.arm-none.linux64_1.17.0.201812190825/tools/compiler/bin/../lib/gcc/arm-none-eabi/7.3.1/thumb/v7e-m/fpv4-sp/hard/libgcc.a(_udivmoddi4.o)
                              /home/pavs/Ac6/SystemWorkbench/plugins/fr.ac6.mcu.externaltools.arm-none.linux64_1.17.0.201812190825/tools/compiler/bin/../lib/gcc/arm-none-eabi/7.3.1/thumb/v7e-m/fpv4-sp/hard/libgcc.a(_aeabi_uldivmod.o) (__udivmoddi4)
/home/pavs/Ac6/SystemWorkbench/plugins/fr.ac6.mcu.externaltools.arm-none.linux64_1.17.0.201812190825/tools/compiler/bin/../lib/gcc/arm-none-eabi/7.3.1/thumb/v7e-m/fpv4-sp/hard/libgcc.a(_dvmd_tls.o)
                              /home/pavs/Ac6/SystemWorkbench/plugins/fr.ac6.mcu.externaltools.arm-none.linux64_1.17.0.201812190825/tools/compiler/bin/../lib/gcc/arm-none-eabi/7.3.1/thumb/v7e-m/fpv4-sp/hard/libgcc.a(_aeabi_uldivmod.o) (__aeabi_ldiv0)
/home/pavs/Ac6/SystemWorkbench/plugins/fr.ac6.mcu.externaltools.arm-none.linux64_1.17.0.201812190825/tools/compiler/bin/../lib/gcc/arm-none-eabi/7.3.1/../../../../arm-none-eabi/lib/thumb/v7e-m/fpv4-sp/hard/libc_nano.a(lib_a-errno.o)
                              Core/Src/syscalls.o (__errno)
/home/pavs/Ac6/SystemWorkbench/plugins/fr.ac6.mcu.externaltools.arm-none.linux64_1.17.0.201812190825/tools/compiler/bin/../lib/gcc/arm-none-eabi/7.3.1/../../../../arm-none-eabi/lib/thumb/v7e-m/fpv4-sp/hard/libc_nano.a(lib_a-exit.o)
                              /home/pavs/Ac6/SystemWorkbench/plugins/fr.ac6.mcu.externaltools.arm-none.linux64_1.17.0.201812190825/tools/compiler/bin/../lib/gcc/arm-none-eabi/7.3.1/../../../../arm-none-eabi/lib/thumb/v7e-m/fpv4-sp/hard/crt0.o (exit)
/home/pavs/Ac6/SystemWorkbench/plugins/fr.ac6.mcu.externaltools.arm-none.linux64_1.17.0.201812190825/tools/compiler/bin/../lib/gcc/arm-none-eabi/7.3.1/../../../../arm-none-eabi/lib/thumb/v7e-m/fpv4-sp/hard/libc_nano.a(lib_a-impure.o)
                              /home/pavs/Ac6/SystemWorkbench/plugins/fr.ac6.mcu.externaltools.arm-none.linux64_1.17.0.201812190825/tools/compiler/bin/../lib/gcc/arm-none-eabi/7.3.1/../../../../arm-none-eabi/lib/thumb/v7e-m/fpv4-sp/hard/libc_nano.a(lib_a-exit.o) (_global_impure_ptr)
/home/pavs/Ac6/SystemWorkbench/plugins/fr.ac6.mcu.externaltools.arm-none.linux64_1.17.0.201812190825/tools/compiler/bin/../lib/gcc/arm-none-eabi/7.3.1/../../../../arm-none-eabi/lib/thumb/v7e-m/fpv4-sp/hard/libc_nano.a(lib_a-init.o)
                              /home/pavs/Ac6/SystemWorkbench/plugins/fr.ac6.mcu.externaltools.arm-none.linux64_1.17.0.201812190825/tools/compiler/bin/../lib/gcc/arm-none-eabi/7.3.1/../../../../arm-none-eabi/lib/thumb/v7e-m/fpv4-sp/hard/crt0.o (__libc_init_array)
/home/pavs/Ac6/SystemWorkbench/plugins/fr.ac6.mcu.externaltools.arm-none.linux64_1.17.0.201812190825/tools/compiler/bin/../lib/gcc/arm-none-eabi/7.3.1/../../../../arm-none-eabi/lib/thumb/v7e-m/fpv4-sp/hard/libc_nano.a(lib_a-memset.o)
                              /home/pavs/Ac6/SystemWorkbench/plugins/fr.ac6.mcu.externaltools.arm-none.linux64_1.17.0.201812190825/tools/compiler/bin/../lib/gcc/arm-none-eabi/7.3.1/../../../../arm-none-eabi/lib/thumb/v7e-m/fpv4-sp/hard/crt0.o (memset)

Allocating common symbols
Common symbol       size              file

uwTick              0x4               Drivers/STM32L4xx_HAL_Driver/Src/stm32l4xx_hal.o
TxData              0x8               Core/Src/CanRx.o
TxMailbox           0x4               Core/Src/CanRx.o
RxData              0x8               Core/Src/CanRx.o
huart2              0x84              Core/Src/main.o
hcan1               0x28              Core/Src/main.o
TxHeader            0x18              Core/Src/CanRx.o
RxHeader            0x1c              Core/Src/CanRx.o

Discarded input sections

 .text          0x0000000000000000        0x0 /home/pavs/Ac6/SystemWorkbench/plugins/fr.ac6.mcu.externaltools.arm-none.linux64_1.17.0.201812190825/tools/compiler/bin/../lib/gcc/arm-none-eabi/7.3.1/thumb/v7e-m/fpv4-sp/hard/crti.o
 .data          0x0000000000000000        0x0 /home/pavs/Ac6/SystemWorkbench/plugins/fr.ac6.mcu.externaltools.arm-none.linux64_1.17.0.201812190825/tools/compiler/bin/../lib/gcc/arm-none-eabi/7.3.1/thumb/v7e-m/fpv4-sp/hard/crti.o
 .bss           0x0000000000000000        0x0 /home/pavs/Ac6/SystemWorkbench/plugins/fr.ac6.mcu.externaltools.arm-none.linux64_1.17.0.201812190825/tools/compiler/bin/../lib/gcc/arm-none-eabi/7.3.1/thumb/v7e-m/fpv4-sp/hard/crti.o
[...]
Memory Configuration

Name             Origin             Length             Attributes
RAM              0x0000000020000000 0x0000000000018000 xrw
RAM2             0x0000000010000000 0x0000000000008000 xrw
FLASH            0x0000000008000000 0x0000000000100000 xr
*default*        0x0000000000000000 0xffffffffffffffff

Linker script and memory map

LOAD /home/pavs/Ac6/SystemWorkbench/plugins/fr.ac6.mcu.externaltools.arm-none.linux64_1.17.0.201812190825/tools/compiler/bin/../lib/gcc/arm-none-eabi/7.3.1/thumb/v7e-m/fpv4-sp/hard/crti.o
LOAD /home/pavs/Ac6/SystemWorkbench/plugins/fr.ac6.mcu.externaltools.arm-none.linux64_1.17.0.201812190825/tools/compiler/bin/../lib/gcc/arm-none-eabi/7.3.1/thumb/v7e-m/fpv4-sp/hard/crtbegin.o
LOAD /home/pavs/Ac6/SystemWorkbench/plugins/fr.ac6.mcu.externaltools.arm-none.linux64_1.17.0.201812190825/tools/compiler/bin/../lib/gcc/arm-none-eabi/7.3.1/../../../../arm-none-eabi/lib/thumb/v7e-m/fpv4-sp/hard/crt0.o
LOAD Core/Src/Boot.o
LOAD Core/Src/CanRx.o
LOAD Core/Src/main.o
LOAD Core/Src/stm32l4xx_hal_msp.o
LOAD Core/Src/stm32l4xx_it.o
LOAD Core/Src/syscalls.o
LOAD Core/Src/system_stm32l4xx.o
LOAD Drivers/STM32L4xx_HAL_Driver/Src/stm32l4xx_hal.o
LOAD Drivers/STM32L4xx_HAL_Driver/Src/stm32l4xx_hal_can.o
LOAD Drivers/STM32L4xx_HAL_Driver/Src/stm32l4xx_hal_cortex.o
LOAD Drivers/STM32L4xx_HAL_Driver/Src/stm32l4xx_hal_dma.o
LOAD Drivers/STM32L4xx_HAL_Driver/Src/stm32l4xx_hal_dma_ex.o
LOAD Drivers/STM32L4xx_HAL_Driver/Src/stm32l4xx_hal_exti.o
LOAD Drivers/STM32L4xx_HAL_Driver/Src/stm32l4xx_hal_flash.o
LOAD Drivers/STM32L4xx_HAL_Driver/Src/stm32l4xx_hal_flash_ex.o
LOAD Drivers/STM32L4xx_HAL_Driver/Src/stm32l4xx_hal_flash_ramfunc.o
LOAD Drivers/STM32L4xx_HAL_Driver/Src/stm32l4xx_hal_gpio.o
LOAD Drivers/STM32L4xx_HAL_Driver/Src/stm32l4xx_hal_i2c.o
LOAD Drivers/STM32L4xx_HAL_Driver/Src/stm32l4xx_hal_i2c_ex.o
LOAD Drivers/STM32L4xx_HAL_Driver/Src/stm32l4xx_hal_pwr.o
LOAD Drivers/STM32L4xx_HAL_Driver/Src/stm32l4xx_hal_pwr_ex.o
LOAD Drivers/STM32L4xx_HAL_Driver/Src/stm32l4xx_hal_rcc.o
LOAD Drivers/STM32L4xx_HAL_Driver/Src/stm32l4xx_hal_rcc_ex.o
LOAD Drivers/STM32L4xx_HAL_Driver/Src/stm32l4xx_hal_tim.o
LOAD Drivers/STM32L4xx_HAL_Driver/Src/stm32l4xx_hal_tim_ex.o
LOAD Drivers/STM32L4xx_HAL_Driver/Src/stm32l4xx_hal_uart.o
LOAD Drivers/STM32L4xx_HAL_Driver/Src/stm32l4xx_hal_uart_ex.o
LOAD startup/startup_stm32l476xx.o
LOAD /home/pavs/Ac6/SystemWorkbench/plugins/fr.ac6.mcu.externaltools.arm-none.linux64_1.17.0.201812190825/tools/compiler/bin/../lib/gcc/arm-none-eabi/7.3.1/../../../../arm-none-eabi/lib/thumb/v7e-m/fpv4-sp/hard/libm.a
START GROUP
LOAD /home/pavs/Ac6/SystemWorkbench/plugins/fr.ac6.mcu.externaltools.arm-none.linux64_1.17.0.201812190825/tools/compiler/bin/../lib/gcc/arm-none-eabi/7.3.1/thumb/v7e-m/fpv4-sp/hard/libgcc.a
LOAD /home/pavs/Ac6/SystemWorkbench/plugins/fr.ac6.mcu.externaltools.arm-none.linux64_1.17.0.201812190825/tools/compiler/bin/../lib/gcc/arm-none-eabi/7.3.1/../../../../arm-none-eabi/lib/thumb/v7e-m/fpv4-sp/hard/libc_nano.a
END GROUP
START GROUP
LOAD /home/pavs/Ac6/SystemWorkbench/plugins/fr.ac6.mcu.externaltools.arm-none.linux64_1.17.0.201812190825/tools/compiler/bin/../lib/gcc/arm-none-eabi/7.3.1/thumb/v7e-m/fpv4-sp/hard/libgcc.a
LOAD /home/pavs/Ac6/SystemWorkbench/plugins/fr.ac6.mcu.externaltools.arm-none.linux64_1.17.0.201812190825/tools/compiler/bin/../lib/gcc/arm-none-eabi/7.3.1/../../../../arm-none-eabi/lib/thumb/v7e-m/fpv4-sp/hard/libc_nano.a
LOAD /home/pavs/Ac6/SystemWorkbench/plugins/fr.ac6.mcu.externaltools.arm-none.linux64_1.17.0.201812190825/tools/compiler/bin/../lib/gcc/arm-none-eabi/7.3.1/../../../../arm-none-eabi/lib/thumb/v7e-m/fpv4-sp/hard/libnosys.a
END GROUP
START GROUP
LOAD /home/pavs/Ac6/SystemWorkbench/plugins/fr.ac6.mcu.externaltools.arm-none.linux64_1.17.0.201812190825/tools/compiler/bin/../lib/gcc/arm-none-eabi/7.3.1/thumb/v7e-m/fpv4-sp/hard/libgcc.a
LOAD /home/pavs/Ac6/SystemWorkbench/plugins/fr.ac6.mcu.externaltools.arm-none.linux64_1.17.0.201812190825/tools/compiler/bin/../lib/gcc/arm-none-eabi/7.3.1/../../../../arm-none-eabi/lib/thumb/v7e-m/fpv4-sp/hard/libc_nano.a
LOAD /home/pavs/Ac6/SystemWorkbench/plugins/fr.ac6.mcu.externaltools.arm-none.linux64_1.17.0.201812190825/tools/compiler/bin/../lib/gcc/arm-none-eabi/7.3.1/../../../../arm-none-eabi/lib/thumb/v7e-m/fpv4-sp/hard/libnosys.a
END GROUP
LOAD /home/pavs/Ac6/SystemWorkbench/plugins/fr.ac6.mcu.externaltools.arm-none.linux64_1.17.0.201812190825/tools/compiler/bin/../lib/gcc/arm-none-eabi/7.3.1/thumb/v7e-m/fpv4-sp/hard/crtend.o
LOAD /home/pavs/Ac6/SystemWorkbench/plugins/fr.ac6.mcu.externaltools.arm-none.linux64_1.17.0.201812190825/tools/compiler/bin/../lib/gcc/arm-none-eabi/7.3.1/thumb/v7e-m/fpv4-sp/hard/crtn.o
                0x0000000020018000                _estack = 0x20018000
                0x0000000000000200                _Min_Heap_Size = 0x200
                0x0000000000000400                _Min_Stack_Size = 0x400

.isr_vector     0x0000000008000000      0x188
                0x0000000008000000                . = ALIGN (0x8)
 *(.isr_vector)
 .isr_vector    0x0000000008000000      0x188 startup/startup_stm32l476xx.o
                0x0000000008000000                g_pfnVectors
                0x0000000008000188                . = ALIGN (0x8)

.text           0x0000000008000188     0x2f78
                0x0000000008000188                . = ALIGN (0x8)
 *(.text)
 .text          0x0000000008000188       0x40 /home/pavs/Ac6/SystemWorkbench/plugins/fr.ac6.mcu.externaltools.arm-none.linux64_1.17.0.201812190825/tools/compiler/bin/../lib/gcc/arm-none-eabi/7.3.1/thumb/v7e-m/fpv4-sp/hard/crtbegin.o
 .text          0x00000000080001c8       0x30 /home/pavs/Ac6/SystemWorkbench/plugins/fr.ac6.mcu.externaltools.arm-none.linux64_1.17.0.201812190825/tools/compiler/bin/../lib/gcc/arm-none-eabi/7.3.1/thumb/v7e-m/fpv4-sp/hard/libgcc.a(_aeabi_uldivmod.o)
                0x00000000080001c8                __aeabi_uldivmod
 .text          0x00000000080001f8      0x2cc /home/pavs/Ac6/SystemWorkbench/plugins/fr.ac6.mcu.externaltools.arm-none.linux64_1.17.0.201812190825/tools/compiler/bin/../lib/gcc/arm-none-eabi/7.3.1/thumb/v7e-m/fpv4-sp/hard/libgcc.a(_udivmoddi4.o)
                0x00000000080001f8                __udivmoddi4
 .text          0x00000000080004c4        0x4 /home/pavs/Ac6/SystemWorkbench/plugins/fr.ac6.mcu.externaltools.arm-none.linux64_1.17.0.201812190825/tools/compiler/bin/../lib/gcc/arm-none-eabi/7.3.1/thumb/v7e-m/fpv4-sp/hard/libgcc.a(_dvmd_tls.o)
                0x00000000080004c4                __aeabi_ldiv0
                0x00000000080004c4                __aeabi_idiv0
 *(.text*)
 .text.Boot     0x00000000080004c8       0x8c Core/Src/Boot.o
                0x00000000080004c8                Boot
 .text.HAL_CAN_RxFifo1MsgPendingCallback
                0x0000000008000554       0x2c Core/Src/CanRx.o
                0x0000000008000554                HAL_CAN_RxFifo1MsgPendingCallback
 .text.CanFilterInit
                0x0000000008000580       0x34 Core/Src/CanRx.o
                0x0000000008000580                CanFilterInit
 .text.Init     0x00000000080005b4       0x30 Core/Src/CanRx.o
                0x00000000080005b4                Init
 .text.Block_1  0x00000000080005e4       0xf4 Core/Src/CanRx.o
                0x00000000080005e4                Block_1
 .text.Block_2  0x00000000080006d8      0x108 Core/Src/CanRx.o
                0x00000000080006d8                Block_2
 .text.Block_3  0x00000000080007e0      0x108 Core/Src/CanRx.o
                0x00000000080007e0                Block_3
 .text.Block_4  0x00000000080008e8      0x108 Core/Src/CanRx.o
                0x00000000080008e8                Block_4
 .text.Block_5  0x00000000080009f0       0xf4 Core/Src/CanRx.o
                0x00000000080009f0                Block_5
 .text.Block_6  0x0000000008000ae4       0x68 Core/Src/CanRx.o
                0x0000000008000ae4                Block_6
 .text.CAN_CheckReceive
                0x0000000008000b4c       0x5c Core/Src/CanRx.o
                0x0000000008000b4c                CAN_CheckReceive
 .text.MX_GPIO_Init
                0x0000000008000ba8       0xbc Core/Src/main.o
 .text.Error_Handler
                0x0000000008000c64        0x4 Core/Src/main.o
                0x0000000008000c64                Error_Handler
 .text.MX_CAN1_Init
                0x0000000008000c68       0x40 Core/Src/main.o
 .text.MX_USART2_UART_Init
                0x0000000008000ca8       0x38 Core/Src/main.o
 .text.SystemClock_Config
                0x0000000008000ce0       0x94 Core/Src/main.o
                0x0000000008000ce0                SystemClock_Config
 .text.main     0x0000000008000d74       0x1c Core/Src/main.o
                0x0000000008000d74                main
 .text.HAL_MspInit
                0x0000000008000d90       0x30 Core/Src/stm32l4xx_hal_msp.o
                0x0000000008000d90                HAL_MspInit
 .text.HAL_CAN_MspInit
                0x0000000008000dc0       0x88 Core/Src/stm32l4xx_hal_msp.o
                0x0000000008000dc0                HAL_CAN_MspInit
 .text.HAL_UART_MspInit
                0x0000000008000e48       0x68 Core/Src/stm32l4xx_hal_msp.o
                0x0000000008000e48                HAL_UART_MspInit
 .text.NMI_Handler
                0x0000000008000eb0        0x2 Core/Src/stm32l4xx_it.o
                0x0000000008000eb0                NMI_Handler
 .text.HardFault_Handler
                0x0000000008000eb2        0x2 Core/Src/stm32l4xx_it.o
                0x0000000008000eb2                HardFault_Handler
 .text.MemManage_Handler
                0x0000000008000eb4        0x2 Core/Src/stm32l4xx_it.o
                0x0000000008000eb4                MemManage_Handler
 .text.BusFault_Handler
                0x0000000008000eb6        0x2 Core/Src/stm32l4xx_it.o
                0x0000000008000eb6                BusFault_Handler
 .text.UsageFault_Handler
                0x0000000008000eb8        0x2 Core/Src/stm32l4xx_it.o
                0x0000000008000eb8                UsageFault_Handler
 .text.SVC_Handler
                0x0000000008000eba        0x2 Core/Src/stm32l4xx_it.o
                0x0000000008000eba                SVC_Handler
 .text.DebugMon_Handler
                0x0000000008000ebc        0x2 Core/Src/stm32l4xx_it.o
                0x0000000008000ebc                DebugMon_Handler
 .text.PendSV_Handler
                0x0000000008000ebe        0x2 Core/Src/stm32l4xx_it.o
                0x0000000008000ebe                PendSV_Handler
 .text.SysTick_Handler
                0x0000000008000ec0        0x8 Core/Src/stm32l4xx_it.o
                0x0000000008000ec0                SysTick_Handler
 .text.CAN1_TX_IRQHandler
                0x0000000008000ec8       0x10 Core/Src/stm32l4xx_it.o
                0x0000000008000ec8                CAN1_TX_IRQHandler
 .text.CAN1_RX1_IRQHandler
                0x0000000008000ed8       0x10 Core/Src/stm32l4xx_it.o
                0x0000000008000ed8                CAN1_RX1_IRQHandler
 .text.SystemInit
                0x0000000008000ee8       0x14 Core/Src/system_stm32l4xx.o
                0x0000000008000ee8                SystemInit
 .text.HAL_InitTick
                0x0000000008000efc       0x4c Drivers/STM32L4xx_HAL_Driver/Src/stm32l4xx_hal.o
                0x0000000008000efc                HAL_InitTick
 .text.HAL_Init
                0x0000000008000f48       0x1e Drivers/STM32L4xx_HAL_Driver/Src/stm32l4xx_hal.o
                0x0000000008000f48                HAL_Init
 *fill*         0x0000000008000f66        0x2 
 .text.HAL_IncTick
                0x0000000008000f68       0x18 Drivers/STM32L4xx_HAL_Driver/Src/stm32l4xx_hal.o
                0x0000000008000f68                HAL_IncTick
 .text.HAL_GetTick
                0x0000000008000f80        0xc Drivers/STM32L4xx_HAL_Driver/Src/stm32l4xx_hal.o
                0x0000000008000f80                HAL_GetTick
 .text.HAL_Delay
                0x0000000008000f8c       0x28 Drivers/STM32L4xx_HAL_Driver/Src/stm32l4xx_hal.o
                0x0000000008000f8c                HAL_Delay
 .text.HAL_CAN_Init
                0x0000000008000fb4      0x14c Drivers/STM32L4xx_HAL_Driver/Src/stm32l4xx_hal_can.o
                0x0000000008000fb4                HAL_CAN_Init
 .text.HAL_CAN_ConfigFilter
                0x0000000008001100       0xfc Drivers/STM32L4xx_HAL_Driver/Src/stm32l4xx_hal_can.o
                0x0000000008001100                HAL_CAN_ConfigFilter
 .text.HAL_CAN_Start
                0x00000000080011fc       0x5c Drivers/STM32L4xx_HAL_Driver/Src/stm32l4xx_hal_can.o
                0x00000000080011fc                HAL_CAN_Start
 .text.HAL_CAN_AddTxMessage
                0x0000000008001258       0xdc Drivers/STM32L4xx_HAL_Driver/Src/stm32l4xx_hal_can.o
                0x0000000008001258                HAL_CAN_AddTxMessage
 .text.HAL_CAN_GetRxMessage
                0x0000000008001334      0x134 Drivers/STM32L4xx_HAL_Driver/Src/stm32l4xx_hal_can.o
                0x0000000008001334                HAL_CAN_GetRxMessage
 .text.HAL_CAN_ActivateNotification
                0x0000000008001468       0x24 Drivers/STM32L4xx_HAL_Driver/Src/stm32l4xx_hal_can.o
                0x0000000008001468                HAL_CAN_ActivateNotification
 .text.HAL_CAN_TxMailbox0CompleteCallback
                0x000000000800148c        0x2 Drivers/STM32L4xx_HAL_Driver/Src/stm32l4xx_hal_can.o
                0x000000000800148c                HAL_CAN_TxMailbox0CompleteCallback
 .text.HAL_CAN_TxMailbox1CompleteCallback
                0x000000000800148e        0x2 Drivers/STM32L4xx_HAL_Driver/Src/stm32l4xx_hal_can.o
                0x000000000800148e                HAL_CAN_TxMailbox1CompleteCallback
 .text.HAL_CAN_TxMailbox2CompleteCallback
                0x0000000008001490        0x2 Drivers/STM32L4xx_HAL_Driver/Src/stm32l4xx_hal_can.o
                0x0000000008001490                HAL_CAN_TxMailbox2CompleteCallback
 .text.HAL_CAN_TxMailbox0AbortCallback
                0x0000000008001492        0x2 Drivers/STM32L4xx_HAL_Driver/Src/stm32l4xx_hal_can.o
                0x0000000008001492                HAL_CAN_TxMailbox0AbortCallback
 .text.HAL_CAN_TxMailbox1AbortCallback
                0x0000000008001494        0x2 Drivers/STM32L4xx_HAL_Driver/Src/stm32l4xx_hal_can.o
                0x0000000008001494                HAL_CAN_TxMailbox1AbortCallback
 .text.HAL_CAN_TxMailbox2AbortCallback
                0x0000000008001496        0x2 Drivers/STM32L4xx_HAL_Driver/Src/stm32l4xx_hal_can.o
                0x0000000008001496                HAL_CAN_TxMailbox2AbortCallback
 .text.HAL_CAN_RxFifo0MsgPendingCallback
                0x0000000008001498        0x2 Drivers/STM32L4xx_HAL_Driver/Src/stm32l4xx_hal_can.o
                0x0000000008001498                HAL_CAN_RxFifo0MsgPendingCallback
 .text.HAL_CAN_RxFifo0FullCallback
                0x000000000800149a        0x2 Drivers/STM32L4xx_HAL_Driver/Src/stm32l4xx_hal_can.o
                0x000000000800149a                HAL_CAN_RxFifo0FullCallback
 .text.HAL_CAN_RxFifo1FullCallback
                0x000000000800149c        0x2 Drivers/STM32L4xx_HAL_Driver/Src/stm32l4xx_hal_can.o
                0x000000000800149c                HAL_CAN_RxFifo1FullCallback
 .text.HAL_CAN_SleepCallback
                0x000000000800149e        0x2 Drivers/STM32L4xx_HAL_Driver/Src/stm32l4xx_hal_can.o
                0x000000000800149e                HAL_CAN_SleepCallback
 .text.HAL_CAN_WakeUpFromRxMsgCallback
                0x00000000080014a0        0x2 Drivers/STM32L4xx_HAL_Driver/Src/stm32l4xx_hal_can.o
                0x00000000080014a0                HAL_CAN_WakeUpFromRxMsgCallback
 .text.HAL_CAN_ErrorCallback
                0x00000000080014a2        0x2 Drivers/STM32L4xx_HAL_Driver/Src/stm32l4xx_hal_can.o
                0x00000000080014a2                HAL_CAN_ErrorCallback
 .text.HAL_CAN_IRQHandler
                0x00000000080014a4      0x258 Drivers/STM32L4xx_HAL_Driver/Src/stm32l4xx_hal_can.o
                0x00000000080014a4                HAL_CAN_IRQHandler
 .text.HAL_NVIC_SetPriorityGrouping
                0x00000000080016fc       0x24 Drivers/STM32L4xx_HAL_Driver/Src/stm32l4xx_hal_cortex.o
                0x00000000080016fc                HAL_NVIC_SetPriorityGrouping
 .text.HAL_NVIC_SetPriority
                0x0000000008001720       0x68 Drivers/STM32L4xx_HAL_Driver/Src/stm32l4xx_hal_cortex.o
                0x0000000008001720                HAL_NVIC_SetPriority
 .text.HAL_NVIC_EnableIRQ
                0x0000000008001788       0x1c Drivers/STM32L4xx_HAL_Driver/Src/stm32l4xx_hal_cortex.o
                0x0000000008001788                HAL_NVIC_EnableIRQ
 .text.HAL_SYSTICK_Config
                0x00000000080017a4       0x2c Drivers/STM32L4xx_HAL_Driver/Src/stm32l4xx_hal_cortex.o
                0x00000000080017a4                HAL_SYSTICK_Config
 .text.HAL_GPIO_Init
                0x00000000080017d0      0x1d4 Drivers/STM32L4xx_HAL_Driver/Src/stm32l4xx_hal_gpio.o
                0x00000000080017d0                HAL_GPIO_Init
 .text.HAL_GPIO_WritePin
                0x00000000080019a4        0xa Drivers/STM32L4xx_HAL_Driver/Src/stm32l4xx_hal_gpio.o
                0x00000000080019a4                HAL_GPIO_WritePin
 .text.HAL_GPIO_TogglePin
                0x00000000080019ae       0x12 Drivers/STM32L4xx_HAL_Driver/Src/stm32l4xx_hal_gpio.o
                0x00000000080019ae                HAL_GPIO_TogglePin
 .text.HAL_PWREx_GetVoltageRange
                0x00000000080019c0       0x10 Drivers/STM32L4xx_HAL_Driver/Src/stm32l4xx_hal_pwr_ex.o
                0x00000000080019c0                HAL_PWREx_GetVoltageRange
 .text.HAL_PWREx_ControlVoltageScaling
                0x00000000080019d0       0x90 Drivers/STM32L4xx_HAL_Driver/Src/stm32l4xx_hal_pwr_ex.o
                0x00000000080019d0                HAL_PWREx_ControlVoltageScaling
 .text.RCC_SetFlashLatencyFromMSIRange
                0x0000000008001a60       0x90 Drivers/STM32L4xx_HAL_Driver/Src/stm32l4xx_hal_rcc.o
 .text.HAL_RCC_GetSysClockFreq
                0x0000000008001af0       0xb4 Drivers/STM32L4xx_HAL_Driver/Src/stm32l4xx_hal_rcc.o
                0x0000000008001af0                HAL_RCC_GetSysClockFreq
 .text.HAL_RCC_OscConfig
                0x0000000008001ba4      0x624 Drivers/STM32L4xx_HAL_Driver/Src/stm32l4xx_hal_rcc.o
                0x0000000008001ba4                HAL_RCC_OscConfig
 .text.HAL_RCC_ClockConfig
                0x00000000080021c8      0x188 Drivers/STM32L4xx_HAL_Driver/Src/stm32l4xx_hal_rcc.o
                0x00000000080021c8                HAL_RCC_ClockConfig
 .text.HAL_RCC_GetHCLKFreq
                0x0000000008002350        0xc Drivers/STM32L4xx_HAL_Driver/Src/stm32l4xx_hal_rcc.o
                0x0000000008002350                HAL_RCC_GetHCLKFreq
 .text.HAL_RCC_GetPCLK1Freq
                0x000000000800235c       0x24 Drivers/STM32L4xx_HAL_Driver/Src/stm32l4xx_hal_rcc.o
                0x000000000800235c                HAL_RCC_GetPCLK1Freq
 .text.HAL_RCC_GetPCLK2Freq
                0x0000000008002380       0x24 Drivers/STM32L4xx_HAL_Driver/Src/stm32l4xx_hal_rcc.o
                0x0000000008002380                HAL_RCC_GetPCLK2Freq
 .text.RCCEx_PLLSAI1_Config
                0x00000000080023a4      0x170 Drivers/STM32L4xx_HAL_Driver/Src/stm32l4xx_hal_rcc_ex.o
 .text.RCCEx_PLLSAI2_Config
                0x0000000008002514      0x14c Drivers/STM32L4xx_HAL_Driver/Src/stm32l4xx_hal_rcc_ex.o
 .text.HAL_RCCEx_PeriphCLKConfig
                0x0000000008002660      0x450 Drivers/STM32L4xx_HAL_Driver/Src/stm32l4xx_hal_rcc_ex.o
                0x0000000008002660                HAL_RCCEx_PeriphCLKConfig
 .text.UART_SetConfig
                0x0000000008002ab0      0x324 Drivers/STM32L4xx_HAL_Driver/Src/stm32l4xx_hal_uart.o
                0x0000000008002ab0                UART_SetConfig
 .text.UART_AdvFeatureConfig
                0x0000000008002dd4       0xca Drivers/STM32L4xx_HAL_Driver/Src/stm32l4xx_hal_uart.o
                0x0000000008002dd4                UART_AdvFeatureConfig
 .text.UART_WaitOnFlagUntilTimeout
                0x0000000008002e9e       0xca Drivers/STM32L4xx_HAL_Driver/Src/stm32l4xx_hal_uart.o
                0x0000000008002e9e                UART_WaitOnFlagUntilTimeout
 .text.UART_CheckIdleState
                0x0000000008002f68       0x70 Drivers/STM32L4xx_HAL_Driver/Src/stm32l4xx_hal_uart.o
                0x0000000008002f68                UART_CheckIdleState
 .text.HAL_UART_Init
                0x0000000008002fd8       0x62 Drivers/STM32L4xx_HAL_Driver/Src/stm32l4xx_hal_uart.o
                0x0000000008002fd8                HAL_UART_Init
 *fill*         0x000000000800303a        0x2 
 .text.Reset_Handler
                0x000000000800303c       0x50 startup/startup_stm32l476xx.o
                0x000000000800303c                Reset_Handler
 .text.Default_Handler
                0x000000000800308c        0x2 startup/startup_stm32l476xx.o
                0x000000000800308c                RTC_Alarm_IRQHandler
                0x000000000800308c                EXTI2_IRQHandler
                0x000000000800308c                TIM8_TRG_COM_IRQHandler
                0x000000000800308c                TIM8_CC_IRQHandler
                0x000000000800308c                TIM1_CC_IRQHandler
                0x000000000800308c                TSC_IRQHandler
                0x000000000800308c                TAMP_STAMP_IRQHandler
                0x000000000800308c                EXTI3_IRQHandler
                0x000000000800308c                LPTIM2_IRQHandler
                0x000000000800308c                DFSDM1_FLT1_IRQHandler
                0x000000000800308c                I2C3_ER_IRQHandler
                0x000000000800308c                DFSDM1_FLT2_IRQHandler
                0x000000000800308c                EXTI0_IRQHandler
                0x000000000800308c                I2C2_EV_IRQHandler
                0x000000000800308c                CAN1_RX0_IRQHandler
                0x000000000800308c                FPU_IRQHandler
                0x000000000800308c                TIM1_UP_TIM16_IRQHandler
                0x000000000800308c                ADC1_2_IRQHandler
                0x000000000800308c                SPI1_IRQHandler
                0x000000000800308c                TIM6_DAC_IRQHandler
                0x000000000800308c                TIM8_UP_IRQHandler
                0x000000000800308c                DMA2_Channel2_IRQHandler
                0x000000000800308c                DMA1_Channel4_IRQHandler
                0x000000000800308c                SAI2_IRQHandler
                0x000000000800308c                DFSDM1_FLT3_IRQHandler
                0x000000000800308c                USART3_IRQHandler
                0x000000000800308c                DMA1_Channel7_IRQHandler
                0x000000000800308c                LCD_IRQHandler
                0x000000000800308c                UART5_IRQHandler
                0x000000000800308c                ADC3_IRQHandler
                0x000000000800308c                TIM4_IRQHandler
                0x000000000800308c                DMA2_Channel1_IRQHandler
                0x000000000800308c                QUADSPI_IRQHandler
                0x000000000800308c                I2C1_EV_IRQHandler
                0x000000000800308c                DMA1_Channel6_IRQHandler
                0x000000000800308c                UART4_IRQHandler
                0x000000000800308c                DMA2_Channel4_IRQHandler
                0x000000000800308c                TIM3_IRQHandler
                0x000000000800308c                RCC_IRQHandler
                0x000000000800308c                DMA1_Channel1_IRQHandler
                0x000000000800308c                Default_Handler
                0x000000000800308c                DMA2_Channel7_IRQHandler
                0x000000000800308c                EXTI15_10_IRQHandler
                0x000000000800308c                TIM7_IRQHandler
                0x000000000800308c                SDMMC1_IRQHandler
                0x000000000800308c                TIM5_IRQHandler
                0x000000000800308c                I2C3_EV_IRQHandler
                0x000000000800308c                EXTI9_5_IRQHandler
                0x000000000800308c                RTC_WKUP_IRQHandler
                0x000000000800308c                PVD_PVM_IRQHandler
                0x000000000800308c                SPI2_IRQHandler
                0x000000000800308c                DMA2_Channel5_IRQHandler
                0x000000000800308c                DMA1_Channel5_IRQHandler
                0x000000000800308c                EXTI4_IRQHandler
                0x000000000800308c                RNG_IRQHandler
                0x000000000800308c                TIM1_TRG_COM_TIM17_IRQHandler
                0x000000000800308c                DMA1_Channel3_IRQHandler
                0x000000000800308c                COMP_IRQHandler
                0x000000000800308c                WWDG_IRQHandler
                0x000000000800308c                LPUART1_IRQHandler
                0x000000000800308c                DMA2_Channel6_IRQHandler
                0x000000000800308c                TIM2_IRQHandler
                0x000000000800308c                EXTI1_IRQHandler
                0x000000000800308c                USART2_IRQHandler
                0x000000000800308c                DFSDM1_FLT0_IRQHandler
                0x000000000800308c                I2C2_ER_IRQHandler
                0x000000000800308c                DMA1_Channel2_IRQHandler
                0x000000000800308c                TIM8_BRK_IRQHandler
                0x000000000800308c                CAN1_SCE_IRQHandler
                0x000000000800308c                FLASH_IRQHandler
                0x000000000800308c                USART1_IRQHandler
                0x000000000800308c                OTG_FS_IRQHandler
                0x000000000800308c                SPI3_IRQHandler
                0x000000000800308c                I2C1_ER_IRQHandler
                0x000000000800308c                FMC_IRQHandler
                0x000000000800308c                SWPMI1_IRQHandler
                0x000000000800308c                LPTIM1_IRQHandler
                0x000000000800308c                SAI1_IRQHandler
                0x000000000800308c                DMA2_Channel3_IRQHandler
                0x000000000800308c                TIM1_BRK_TIM15_IRQHandler
 *fill*         0x000000000800308e        0x2 
 .text.__libc_init_array
                0x0000000008003090       0x48 /home/pavs/Ac6/SystemWorkbench/plugins/fr.ac6.mcu.externaltools.arm-none.linux64_1.17.0.201812190825/tools/compiler/bin/../lib/gcc/arm-none-eabi/7.3.1/../../../../arm-none-eabi/lib/thumb/v7e-m/fpv4-sp/hard/libc_nano.a(lib_a-init.o)
                0x0000000008003090                __libc_init_array
 .text.memset   0x00000000080030d8       0x10 /home/pavs/Ac6/SystemWorkbench/plugins/fr.ac6.mcu.externaltools.arm-none.linux64_1.17.0.201812190825/tools/compiler/bin/../lib/gcc/arm-none-eabi/7.3.1/../../../../arm-none-eabi/lib/thumb/v7e-m/fpv4-sp/hard/libc_nano.a(lib_a-memset.o)
                0x00000000080030d8                memset
 *(.glue_7)
 .glue_7        0x00000000080030e8        0x0 linker stubs
 *(.glue_7t)
 .glue_7t       0x00000000080030e8        0x0 linker stubs
 *(.eh_frame)
 .eh_frame      0x00000000080030e8        0x0 /home/pavs/Ac6/SystemWorkbench/plugins/fr.ac6.mcu.externaltools.arm-none.linux64_1.17.0.201812190825/tools/compiler/bin/../lib/gcc/arm-none-eabi/7.3.1/thumb/v7e-m/fpv4-sp/hard/crtbegin.o
 *(.init)
 .init          0x00000000080030e8        0x4 /home/pavs/Ac6/SystemWorkbench/plugins/fr.ac6.mcu.externaltools.arm-none.linux64_1.17.0.201812190825/tools/compiler/bin/../lib/gcc/arm-none-eabi/7.3.1/thumb/v7e-m/fpv4-sp/hard/crti.o
                0x00000000080030e8                _init
 .init          0x00000000080030ec        0x8 /home/pavs/Ac6/SystemWorkbench/plugins/fr.ac6.mcu.externaltools.arm-none.linux64_1.17.0.201812190825/tools/compiler/bin/../lib/gcc/arm-none-eabi/7.3.1/thumb/v7e-m/fpv4-sp/hard/crtn.o
 *(.fini)
 .fini          0x00000000080030f4        0x4 /home/pavs/Ac6/SystemWorkbench/plugins/fr.ac6.mcu.externaltools.arm-none.linux64_1.17.0.201812190825/tools/compiler/bin/../lib/gcc/arm-none-eabi/7.3.1/thumb/v7e-m/fpv4-sp/hard/crti.o
                0x00000000080030f4                _fini
 .fini          0x00000000080030f8        0x8 /home/pavs/Ac6/SystemWorkbench/plugins/fr.ac6.mcu.externaltools.arm-none.linux64_1.17.0.201812190825/tools/compiler/bin/../lib/gcc/arm-none-eabi/7.3.1/thumb/v7e-m/fpv4-sp/hard/crtn.o
                0x0000000008003100                . = ALIGN (0x8)
                0x0000000008003100                _etext = .

.vfp11_veneer   0x0000000008003100        0x0
 .vfp11_veneer  0x0000000008003100        0x0 linker stubs

.v4_bx          0x0000000008003100        0x0
 .v4_bx         0x0000000008003100        0x0 linker stubs

.iplt           0x0000000008003100        0x0
 .iplt          0x0000000008003100        0x0 /home/pavs/Ac6/SystemWorkbench/plugins/fr.ac6.mcu.externaltools.arm-none.linux64_1.17.0.201812190825/tools/compiler/bin/../lib/gcc/arm-none-eabi/7.3.1/thumb/v7e-m/fpv4-sp/hard/crtbegin.o

.rodata         0x0000000008003100       0x48
                0x0000000008003100                . = ALIGN (0x8)
 *(.rodata)
 .rodata        0x0000000008003100       0x48 Core/Src/system_stm32l4xx.o
                0x0000000008003100                MSIRangeTable
                0x0000000008003130                AHBPrescTable
                0x0000000008003140                APBPrescTable
 *(.rodata*)
                0x0000000008003148                . = ALIGN (0x8)

.ARM.extab      0x0000000008003148        0x0
                0x0000000008003148                . = ALIGN (0x8)
 *(.ARM.extab* .gnu.linkonce.armextab.*)
                0x0000000008003148                . = ALIGN (0x8)

.ARM            0x0000000008003148        0x8
                0x0000000008003148                . = ALIGN (0x8)
                0x0000000008003148                __exidx_start = .
 *(.ARM.exidx*)
 .ARM.exidx     0x0000000008003148        0x8 /home/pavs/Ac6/SystemWorkbench/plugins/fr.ac6.mcu.externaltools.arm-none.linux64_1.17.0.201812190825/tools/compiler/bin/../lib/gcc/arm-none-eabi/7.3.1/thumb/v7e-m/fpv4-sp/hard/libgcc.a(_udivmoddi4.o)
                0x0000000008003150                __exidx_end = .
                0x0000000008003150                . = ALIGN (0x8)

.rel.dyn        0x0000000008003150        0x0
 .rel.iplt      0x0000000008003150        0x0 /home/pavs/Ac6/SystemWorkbench/plugins/fr.ac6.mcu.externaltools.arm-none.linux64_1.17.0.201812190825/tools/compiler/bin/../lib/gcc/arm-none-eabi/7.3.1/thumb/v7e-m/fpv4-sp/hard/crtbegin.o

.preinit_array  0x0000000008003150        0x0
                0x0000000008003150                . = ALIGN (0x8)
                0x0000000008003150                PROVIDE (__preinit_array_start = .)
 *(.preinit_array*)
                0x0000000008003150                PROVIDE (__preinit_array_end = .)
                0x0000000008003150                . = ALIGN (0x8)

.init_array     0x0000000008003150        0x8
                0x0000000008003150                . = ALIGN (0x8)
                0x0000000008003150                PROVIDE (__init_array_start = .)
 *(SORT_BY_NAME(.init_array.*))
 *(.init_array*)
 .init_array    0x0000000008003150        0x4 /home/pavs/Ac6/SystemWorkbench/plugins/fr.ac6.mcu.externaltools.arm-none.linux64_1.17.0.201812190825/tools/compiler/bin/../lib/gcc/arm-none-eabi/7.3.1/thumb/v7e-m/fpv4-sp/hard/crtbegin.o
                0x0000000008003154                PROVIDE (__init_array_end = .)
                0x0000000008003158                . = ALIGN (0x8)
 *fill*         0x0000000008003154        0x4 

.fini_array     0x0000000008003158        0x8
                0x0000000008003158                . = ALIGN (0x8)
                [!provide]                        PROVIDE (__fini_array_start = .)
 *(SORT_BY_NAME(.fini_array.*))
 *(.fini_array*)
 .fini_array    0x0000000008003158        0x4 /home/pavs/Ac6/SystemWorkbench/plugins/fr.ac6.mcu.externaltools.arm-none.linux64_1.17.0.201812190825/tools/compiler/bin/../lib/gcc/arm-none-eabi/7.3.1/thumb/v7e-m/fpv4-sp/hard/crtbegin.o
                [!provide]                        PROVIDE (__fini_array_end = .)
                0x0000000008003160                . = ALIGN (0x8)
 *fill*         0x000000000800315c        0x4 
                0x0000000008003160                _sidata = LOADADDR (.data)

.data           0x0000000020000000       0x10 load address 0x0000000008003160
                0x0000000020000000                . = ALIGN (0x8)
                0x0000000020000000                _sdata = .
 *(.data)
 .data          0x0000000020000000        0x4 Core/Src/system_stm32l4xx.o
                0x0000000020000000                SystemCoreClock
 .data          0x0000000020000004        0x8 Drivers/STM32L4xx_HAL_Driver/Src/stm32l4xx_hal.o
                0x0000000020000004                uwTickFreq
                0x0000000020000008                uwTickPrio
 *(.data*)
                0x0000000020000010                . = ALIGN (0x8)
 *fill*         0x000000002000000c        0x4 
                0x0000000020000010                _edata = .

.igot.plt       0x0000000020000010        0x0 load address 0x0000000008003170
 .igot.plt      0x0000000020000010        0x0 /home/pavs/Ac6/SystemWorkbench/plugins/fr.ac6.mcu.externaltools.arm-none.linux64_1.17.0.201812190825/tools/compiler/bin/../lib/gcc/arm-none-eabi/7.3.1/thumb/v7e-m/fpv4-sp/hard/crtbegin.o
                0x0000000020000010                . = ALIGN (0x4)

.bss            0x0000000020000010      0x118 load address 0x0000000008003170
                0x0000000020000010                _sbss = .
                0x0000000020000010                __bss_start__ = _sbss
 *(.bss)
 .bss           0x0000000020000010       0x1c /home/pavs/Ac6/SystemWorkbench/plugins/fr.ac6.mcu.externaltools.arm-none.linux64_1.17.0.201812190825/tools/compiler/bin/../lib/gcc/arm-none-eabi/7.3.1/thumb/v7e-m/fpv4-sp/hard/crtbegin.o
 .bss           0x000000002000002c        0x1 Core/Src/CanRx.o
                0x000000002000002c                datacheck
 *(.bss*)
 *(COMMON)
 *fill*         0x000000002000002d        0x3 
 COMMON         0x0000000020000030       0x48 Core/Src/CanRx.o
                0x0000000020000030                TxData
                0x0000000020000038                TxMailbox
                0x000000002000003c                RxData
                0x0000000020000044                TxHeader
                0x000000002000005c                RxHeader
 COMMON         0x0000000020000078       0xac Core/Src/main.o
                0x0000000020000078                huart2
                0x00000000200000fc                hcan1
 COMMON         0x0000000020000124        0x4 Drivers/STM32L4xx_HAL_Driver/Src/stm32l4xx_hal.o
                0x0000000020000124                uwTick
                0x0000000020000128                . = ALIGN (0x4)
                0x0000000020000128                _ebss = .
                0x0000000020000128                __bss_end__ = _ebss

._user_heap_stack
                0x0000000020000128      0x600 load address 0x0000000008003170
                0x0000000020000128                . = ALIGN (0x8)
                0x0000000020000128                PROVIDE (end = .)
                [!provide]                        PROVIDE (_end = .)
                0x0000000020000328                . = (. + _Min_Heap_Size)
 *fill*         0x0000000020000128      0x200 
                0x0000000020000728                . = (. + _Min_Stack_Size)
 *fill*         0x0000000020000328      0x400 
                0x0000000020000728                . = ALIGN (0x8)

/DISCARD/
 libc.a(*)
 libm.a(*)
 libgcc.a(*)

.ARM.attributes
                0x0000000000000000       0x30
 *(.ARM.attributes)
 .ARM.attributes
                0x0000000000000000       0x22 /home/pavs/Ac6/SystemWorkbench/plugins/fr.ac6.mcu.externaltools.arm-none.linux64_1.17.0.201812190825/tools/compiler/bin/../lib/gcc/arm-none-eabi/7.3.1/thumb/v7e-m/fpv4-sp/hard/crti.o
 .ARM.attributes
                0x0000000000000022       0x34 /home/pavs/Ac6/SystemWorkbench/plugins/fr.ac6.mcu.externaltools.arm-none.linux64_1.17.0.201812190825/tools/compiler/bin/../lib/gcc/arm-none-eabi/7.3.1/thumb/v7e-m/fpv4-sp/hard/crtbegin.o
 .ARM.attributes
                0x0000000000000056       0x39 Core/Src/Boot.o
 .ARM.attributes
                0x000000000000008f       0x39 Core/Src/CanRx.o
 .ARM.attributes
                0x00000000000000c8       0x39 Core/Src/main.o
 .ARM.attributes
                0x0000000000000101       0x39 Core/Src/stm32l4xx_hal_msp.o
 .ARM.attributes
                0x000000000000013a       0x39 Core/Src/stm32l4xx_it.o
 .ARM.attributes
                0x0000000000000173       0x39 Core/Src/system_stm32l4xx.o
 .ARM.attributes
                0x00000000000001ac       0x39 Drivers/STM32L4xx_HAL_Driver/Src/stm32l4xx_hal.o
 .ARM.attributes
                0x00000000000001e5       0x39 Drivers/STM32L4xx_HAL_Driver/Src/stm32l4xx_hal_can.o
 .ARM.attributes
                0x000000000000021e       0x39 Drivers/STM32L4xx_HAL_Driver/Src/stm32l4xx_hal_cortex.o
 .ARM.attributes
                0x0000000000000257       0x39 Drivers/STM32L4xx_HAL_Driver/Src/stm32l4xx_hal_gpio.o
 .ARM.attributes
                0x0000000000000290       0x39 Drivers/STM32L4xx_HAL_Driver/Src/stm32l4xx_hal_pwr_ex.o
 .ARM.attributes
                0x00000000000002c9       0x39 Drivers/STM32L4xx_HAL_Driver/Src/stm32l4xx_hal_rcc.o
 .ARM.attributes
                0x0000000000000302       0x39 Drivers/STM32L4xx_HAL_Driver/Src/stm32l4xx_hal_rcc_ex.o
 .ARM.attributes
                0x000000000000033b       0x39 Drivers/STM32L4xx_HAL_Driver/Src/stm32l4xx_hal_uart.o
 .ARM.attributes
                0x0000000000000374       0x21 startup/startup_stm32l476xx.o
 .ARM.attributes
                0x0000000000000395       0x22 /home/pavs/Ac6/SystemWorkbench/plugins/fr.ac6.mcu.externaltools.arm-none.linux64_1.17.0.201812190825/tools/compiler/bin/../lib/gcc/arm-none-eabi/7.3.1/thumb/v7e-m/fpv4-sp/hard/libgcc.a(_aeabi_uldivmod.o)
 .ARM.attributes
                0x00000000000003b7       0x34 /home/pavs/Ac6/SystemWorkbench/plugins/fr.ac6.mcu.externaltools.arm-none.linux64_1.17.0.201812190825/tools/compiler/bin/../lib/gcc/arm-none-eabi/7.3.1/thumb/v7e-m/fpv4-sp/hard/libgcc.a(_udivmoddi4.o)
 .ARM.attributes
                0x00000000000003eb       0x22 /home/pavs/Ac6/SystemWorkbench/plugins/fr.ac6.mcu.externaltools.arm-none.linux64_1.17.0.201812190825/tools/compiler/bin/../lib/gcc/arm-none-eabi/7.3.1/thumb/v7e-m/fpv4-sp/hard/libgcc.a(_dvmd_tls.o)
 .ARM.attributes
                0x000000000000040d       0x34 /home/pavs/Ac6/SystemWorkbench/plugins/fr.ac6.mcu.externaltools.arm-none.linux64_1.17.0.201812190825/tools/compiler/bin/../lib/gcc/arm-none-eabi/7.3.1/../../../../arm-none-eabi/lib/thumb/v7e-m/fpv4-sp/hard/libc_nano.a(lib_a-init.o)
 .ARM.attributes
                0x0000000000000441       0x34 /home/pavs/Ac6/SystemWorkbench/plugins/fr.ac6.mcu.externaltools.arm-none.linux64_1.17.0.201812190825/tools/compiler/bin/../lib/gcc/arm-none-eabi/7.3.1/../../../../arm-none-eabi/lib/thumb/v7e-m/fpv4-sp/hard/libc_nano.a(lib_a-memset.o)
 .ARM.attributes
                0x0000000000000475       0x22 /home/pavs/Ac6/SystemWorkbench/plugins/fr.ac6.mcu.externaltools.arm-none.linux64_1.17.0.201812190825/tools/compiler/bin/../lib/gcc/arm-none-eabi/7.3.1/thumb/v7e-m/fpv4-sp/hard/crtn.o
OUTPUT(PDU_v1.0.elf elf32-littlearm)

.debug_info     0x0000000000000000    0x102b2
 .debug_info    0x0000000000000000      0x520 Core/Src/Boot.o
 .debug_info    0x0000000000000520     0x15b5 Core/Src/CanRx.o
 .debug_info    0x0000000000001ad5     0x15dc Core/Src/main.o
 .debug_info    0x00000000000030b1     0x1355 Core/Src/stm32l4xx_hal_msp.o
 .debug_info    0x0000000000004406      0x75f Core/Src/stm32l4xx_it.o
 .debug_info    0x0000000000004b65      0x70c Core/Src/system_stm32l4xx.o
 .debug_info    0x0000000000005271      0xce3 Drivers/STM32L4xx_HAL_Driver/Src/stm32l4xx_hal.o
 .debug_info    0x0000000000005f54     0x12d8 Drivers/STM32L4xx_HAL_Driver/Src/stm32l4xx_hal_can.o
 .debug_info    0x000000000000722c     0x10d1 Drivers/STM32L4xx_HAL_Driver/Src/stm32l4xx_hal_cortex.o
 .debug_info    0x00000000000082fd      0x9c9 Drivers/STM32L4xx_HAL_Driver/Src/stm32l4xx_hal_gpio.o
 .debug_info    0x0000000000008cc6      0xbd1 Drivers/STM32L4xx_HAL_Driver/Src/stm32l4xx_hal_pwr_ex.o
 .debug_info    0x0000000000009897      0xf98 Drivers/STM32L4xx_HAL_Driver/Src/stm32l4xx_hal_rcc.o
 .debug_info    0x000000000000a82f     0x12d4 Drivers/STM32L4xx_HAL_Driver/Src/stm32l4xx_hal_rcc_ex.o
 .debug_info    0x000000000000bb03     0x478d Drivers/STM32L4xx_HAL_Driver/Src/stm32l4xx_hal_uart.o
 .debug_info    0x0000000000010290       0x22 startup/startup_stm32l476xx.o

.debug_abbrev   0x0000000000000000     0x1d39
 .debug_abbrev  0x0000000000000000      0x14a Core/Src/Boot.o
 .debug_abbrev  0x000000000000014a      0x1df Core/Src/CanRx.o
 .debug_abbrev  0x0000000000000329      0x280 Core/Src/main.o
 .debug_abbrev  0x00000000000005a9      0x1dd Core/Src/stm32l4xx_hal_msp.o
 .debug_abbrev  0x0000000000000786      0x18a Core/Src/stm32l4xx_it.o
 .debug_abbrev  0x0000000000000910      0x147 Core/Src/system_stm32l4xx.o
 .debug_abbrev  0x0000000000000a57      0x209 Drivers/STM32L4xx_HAL_Driver/Src/stm32l4xx_hal.o
 .debug_abbrev  0x0000000000000c60      0x27b Drivers/STM32L4xx_HAL_Driver/Src/stm32l4xx_hal_can.o
 .debug_abbrev  0x0000000000000edb      0x328 Drivers/STM32L4xx_HAL_Driver/Src/stm32l4xx_hal_cortex.o
 .debug_abbrev  0x0000000000001203      0x1de Drivers/STM32L4xx_HAL_Driver/Src/stm32l4xx_hal_gpio.o
 .debug_abbrev  0x00000000000013e1      0x1f5 Drivers/STM32L4xx_HAL_Driver/Src/stm32l4xx_hal_pwr_ex.o
 .debug_abbrev  0x00000000000015d6      0x21f Drivers/STM32L4xx_HAL_Driver/Src/stm32l4xx_hal_rcc.o
 .debug_abbrev  0x00000000000017f5      0x24c Drivers/STM32L4xx_HAL_Driver/Src/stm32l4xx_hal_rcc_ex.o
 .debug_abbrev  0x0000000000001a41      0x2e6 Drivers/STM32L4xx_HAL_Driver/Src/stm32l4xx_hal_uart.o
 .debug_abbrev  0x0000000000001d27       0x12 startup/startup_stm32l476xx.o

.debug_aranges  0x0000000000000000      0xa10
 .debug_aranges
                0x0000000000000000       0x20 Core/Src/Boot.o
 .debug_aranges
                0x0000000000000020       0x68 Core/Src/CanRx.o
 .debug_aranges
                0x0000000000000088       0x48 Core/Src/main.o
 .debug_aranges
                0x00000000000000d0       0x40 Core/Src/stm32l4xx_hal_msp.o
 .debug_aranges
                0x0000000000000110       0x70 Core/Src/stm32l4xx_it.o
 .debug_aranges
                0x0000000000000180       0x28 Core/Src/system_stm32l4xx.o
 .debug_aranges
                0x00000000000001a8      0x130 Drivers/STM32L4xx_HAL_Driver/Src/stm32l4xx_hal.o
 .debug_aranges
                0x00000000000002d8      0x138 Drivers/STM32L4xx_HAL_Driver/Src/stm32l4xx_hal_can.o
 .debug_aranges
                0x0000000000000410       0xa8 Drivers/STM32L4xx_HAL_Driver/Src/stm32l4xx_hal_cortex.o
 .debug_aranges
                0x00000000000004b8       0x58 Drivers/STM32L4xx_HAL_Driver/Src/stm32l4xx_hal_gpio.o
 .debug_aranges
                0x0000000000000510      0x160 Drivers/STM32L4xx_HAL_Driver/Src/stm32l4xx_hal_pwr_ex.o
 .debug_aranges
                0x0000000000000670       0x90 Drivers/STM32L4xx_HAL_Driver/Src/stm32l4xx_hal_rcc.o
 .debug_aranges
                0x0000000000000700       0xc0 Drivers/STM32L4xx_HAL_Driver/Src/stm32l4xx_hal_rcc_ex.o
 .debug_aranges
                0x00000000000007c0      0x228 Drivers/STM32L4xx_HAL_Driver/Src/stm32l4xx_hal_uart.o
 .debug_aranges
                0x00000000000009e8       0x28 startup/startup_stm32l476xx.o

.debug_ranges   0x0000000000000000      0xa08
 .debug_ranges  0x0000000000000000       0x10 Core/Src/Boot.o
 .debug_ranges  0x0000000000000010       0x58 Core/Src/CanRx.o
 .debug_ranges  0x0000000000000068       0x38 Core/Src/main.o
 .debug_ranges  0x00000000000000a0       0x30 Core/Src/stm32l4xx_hal_msp.o
 .debug_ranges  0x00000000000000d0       0x60 Core/Src/stm32l4xx_it.o
 .debug_ranges  0x0000000000000130       0x18 Core/Src/system_stm32l4xx.o
 .debug_ranges  0x0000000000000148      0x120 Drivers/STM32L4xx_HAL_Driver/Src/stm32l4xx_hal.o
 .debug_ranges  0x0000000000000268      0x140 Drivers/STM32L4xx_HAL_Driver/Src/stm32l4xx_hal_can.o
 .debug_ranges  0x00000000000003a8       0xf8 Drivers/STM32L4xx_HAL_Driver/Src/stm32l4xx_hal_cortex.o
 .debug_ranges  0x00000000000004a0       0x48 Drivers/STM32L4xx_HAL_Driver/Src/stm32l4xx_hal_gpio.o
 .debug_ranges  0x00000000000004e8      0x150 Drivers/STM32L4xx_HAL_Driver/Src/stm32l4xx_hal_pwr_ex.o
 .debug_ranges  0x0000000000000638       0x98 Drivers/STM32L4xx_HAL_Driver/Src/stm32l4xx_hal_rcc.o
 .debug_ranges  0x00000000000006d0       0xd0 Drivers/STM32L4xx_HAL_Driver/Src/stm32l4xx_hal_rcc_ex.o
 .debug_ranges  0x00000000000007a0      0x248 Drivers/STM32L4xx_HAL_Driver/Src/stm32l4xx_hal_uart.o
 .debug_ranges  0x00000000000009e8       0x20 startup/startup_stm32l476xx.o

.debug_macro    0x0000000000000000    0x259bf
 .debug_macro   0x0000000000000000      0x1ea Core/Src/Boot.o
 .debug_macro   0x00000000000001ea      0xa54 Core/Src/Boot.o
 .debug_macro   0x0000000000000c3e      0x1ad Core/Src/Boot.o
 .debug_macro   0x0000000000000deb       0x2e Core/Src/Boot.o
 .debug_macro   0x0000000000000e19       0x28 Core/Src/Boot.o
 .debug_macro   0x0000000000000e41       0x22 Core/Src/Boot.o
 .debug_macro   0x0000000000000e63       0x8e Core/Src/Boot.o
 .debug_macro   0x0000000000000ef1       0x51 Core/Src/Boot.o
 .debug_macro   0x0000000000000f42       0xef Core/Src/Boot.o
 .debug_macro   0x0000000000001031       0x6a Core/Src/Boot.o
 .debug_macro   0x000000000000109b      0x1df Core/Src/Boot.o
 .debug_macro   0x000000000000127a       0x1c Core/Src/Boot.o
 .debug_macro   0x0000000000001296       0x22 Core/Src/Boot.o
 .debug_macro   0x00000000000012b8      0x101 Core/Src/Boot.o
 .debug_macro   0x00000000000013b9     0x1011 Core/Src/Boot.o
 .debug_macro   0x00000000000023ca      0x11f Core/Src/Boot.o
 .debug_macro   0x00000000000024e9    0x1a17a Core/Src/Boot.o
 .debug_macro   0x000000000001c663       0x6d Core/Src/Boot.o
 .debug_macro   0x000000000001c6d0     0x38e6 Core/Src/Boot.o
 .debug_macro   0x000000000001ffb6      0x174 Core/Src/Boot.o
 .debug_macro   0x000000000002012a       0x5c Core/Src/Boot.o
 .debug_macro   0x0000000000020186     0x159e Core/Src/Boot.o
 .debug_macro   0x0000000000021724      0x5a5 Core/Src/Boot.o
 .debug_macro   0x0000000000021cc9      0x1b9 Core/Src/Boot.o
 .debug_macro   0x0000000000021e82      0x18b Core/Src/Boot.o
 .debug_macro   0x000000000002200d      0x26b Core/Src/Boot.o
 .debug_macro   0x0000000000022278      0x23d Core/Src/Boot.o
 .debug_macro   0x00000000000224b5      0x408 Core/Src/Boot.o
 .debug_macro   0x00000000000228bd      0x241 Core/Src/Boot.o
 .debug_macro   0x0000000000022afe      0x37c Core/Src/Boot.o
 .debug_macro   0x0000000000022e7a       0xd6 Core/Src/Boot.o
 .debug_macro   0x0000000000022f50      0x22c Core/Src/Boot.o
 .debug_macro   0x000000000002317c       0x61 Core/Src/Boot.o
 .debug_macro   0x00000000000231dd       0xa5 Core/Src/Boot.o
 .debug_macro   0x0000000000023282      0x122 Core/Src/Boot.o
 .debug_macro   0x00000000000233a4      0x3ef Core/Src/Boot.o
 .debug_macro   0x0000000000023793      0x5ba Core/Src/Boot.o
 .debug_macro   0x0000000000023d4d       0x44 Core/Src/Boot.o
 .debug_macro   0x0000000000023d91      0x330 Core/Src/Boot.o
 .debug_macro   0x00000000000240c1       0x22 Core/Src/Boot.o
 .debug_macro   0x00000000000240e3      0x1dc Core/Src/CanRx.o
 .debug_macro   0x00000000000242bf      0x1d9 Core/Src/main.o
 .debug_macro   0x0000000000024498      0x1d9 Core/Src/stm32l4xx_hal_msp.o
 .debug_macro   0x0000000000024671      0x1e3 Core/Src/stm32l4xx_it.o
 .debug_macro   0x0000000000024854      0x1cf Core/Src/system_stm32l4xx.o
 .debug_macro   0x0000000000024a23      0x21d Drivers/STM32L4xx_HAL_Driver/Src/stm32l4xx_hal.o
 .debug_macro   0x0000000000024c40      0x1d7 Drivers/STM32L4xx_HAL_Driver/Src/stm32l4xx_hal_can.o
 .debug_macro   0x0000000000024e17      0x1cf Drivers/STM32L4xx_HAL_Driver/Src/stm32l4xx_hal_cortex.o
 .debug_macro   0x0000000000024fe6      0x1d6 Drivers/STM32L4xx_HAL_Driver/Src/stm32l4xx_hal_gpio.o
 .debug_macro   0x00000000000251bc      0x1f3 Drivers/STM32L4xx_HAL_Driver/Src/stm32l4xx_hal_pwr_ex.o
 .debug_macro   0x00000000000253af      0x211 Drivers/STM32L4xx_HAL_Driver/Src/stm32l4xx_hal_rcc.o
 .debug_macro   0x00000000000255c0      0x205 Drivers/STM32L4xx_HAL_Driver/Src/stm32l4xx_hal_rcc_ex.o
 .debug_macro   0x00000000000257c5      0x1fa Drivers/STM32L4xx_HAL_Driver/Src/stm32l4xx_hal_uart.o

.debug_line     0x0000000000000000     0x966a
 .debug_line    0x0000000000000000      0x6df Core/Src/Boot.o
 .debug_line    0x00000000000006df      0x82d Core/Src/CanRx.o
 .debug_line    0x0000000000000f0c      0x773 Core/Src/main.o
 .debug_line    0x000000000000167f      0x733 Core/Src/stm32l4xx_hal_msp.o
 .debug_line    0x0000000000001db2      0x770 Core/Src/stm32l4xx_it.o
 .debug_line    0x0000000000002522      0x6ee Core/Src/system_stm32l4xx.o
 .debug_line    0x0000000000002c10      0x95e Drivers/STM32L4xx_HAL_Driver/Src/stm32l4xx_hal.o
 .debug_line    0x000000000000356e      0xba7 Drivers/STM32L4xx_HAL_Driver/Src/stm32l4xx_hal_can.o
 .debug_line    0x0000000000004115      0x90d Drivers/STM32L4xx_HAL_Driver/Src/stm32l4xx_hal_cortex.o
 .debug_line    0x0000000000004a22      0x830 Drivers/STM32L4xx_HAL_Driver/Src/stm32l4xx_hal_gpio.o
 .debug_line    0x0000000000005252      0xb55 Drivers/STM32L4xx_HAL_Driver/Src/stm32l4xx_hal_pwr_ex.o
 .debug_line    0x0000000000005da7      0xa7b Drivers/STM32L4xx_HAL_Driver/Src/stm32l4xx_hal_rcc.o
 .debug_line    0x0000000000006822      0xcd8 Drivers/STM32L4xx_HAL_Driver/Src/stm32l4xx_hal_rcc_ex.o
 .debug_line    0x00000000000074fa     0x20ef Drivers/STM32L4xx_HAL_Driver/Src/stm32l4xx_hal_uart.o
 .debug_line    0x00000000000095e9       0x81 startup/startup_stm32l476xx.o

.debug_str      0x0000000000000000    0xe8211
 .debug_str     0x0000000000000000    0xe49d4 Core/Src/Boot.o
                                      0xe4c8e (size before relaxing)
 .debug_str     0x00000000000e49d4      0x486 Core/Src/CanRx.o
                                      0xe5148 (size before relaxing)
 .debug_str     0x00000000000e4e5a      0x999 Core/Src/main.o
                                      0xe58ca (size before relaxing)
 .debug_str     0x00000000000e57f3      0x503 Core/Src/stm32l4xx_hal_msp.o
                                      0xe5920 (size before relaxing)
 .debug_str     0x00000000000e5cf6      0x103 Core/Src/stm32l4xx_it.o
                                      0xe4f4c (size before relaxing)
 .debug_str     0x00000000000e5df9       0xb8 Core/Src/system_stm32l4xx.o
                                      0xe4daa (size before relaxing)
 .debug_str     0x00000000000e5eb1      0x5d1 Drivers/STM32L4xx_HAL_Driver/Src/stm32l4xx_hal.o
                                      0xe58ee (size before relaxing)
 .debug_str     0x00000000000e6482      0x3df Drivers/STM32L4xx_HAL_Driver/Src/stm32l4xx_hal_can.o
                                      0xe5468 (size before relaxing)
 .debug_str     0x00000000000e6861      0x31d Drivers/STM32L4xx_HAL_Driver/Src/stm32l4xx_hal_cortex.o
                                      0xe5619 (size before relaxing)
 .debug_str     0x00000000000e6b7e      0x11e Drivers/STM32L4xx_HAL_Driver/Src/stm32l4xx_hal_gpio.o
                                      0xe4f6f (size before relaxing)
 .debug_str     0x00000000000e6c9c      0x4e3 Drivers/STM32L4xx_HAL_Driver/Src/stm32l4xx_hal_pwr_ex.o
                                      0xe532f (size before relaxing)
 .debug_str     0x00000000000e717f      0x3ac Drivers/STM32L4xx_HAL_Driver/Src/stm32l4xx_hal_rcc.o
                                      0xe53e5 (size before relaxing)
 .debug_str     0x00000000000e752b      0x3bf Drivers/STM32L4xx_HAL_Driver/Src/stm32l4xx_hal_rcc_ex.o
                                      0xe55a7 (size before relaxing)
 .debug_str     0x00000000000e78ea      0x8f8 Drivers/STM32L4xx_HAL_Driver/Src/stm32l4xx_hal_uart.o
                                      0xe5ad5 (size before relaxing)
 .debug_str     0x00000000000e81e2       0x2f startup/startup_stm32l476xx.o
                                         0x50 (size before relaxing)

.comment        0x0000000000000000       0x7f
 .comment       0x0000000000000000       0x7f Core/Src/Boot.o
                                         0x80 (size before relaxing)
 .comment       0x000000000000007f       0x80 Core/Src/CanRx.o
 .comment       0x000000000000007f       0x80 Core/Src/main.o
 .comment       0x000000000000007f       0x80 Core/Src/stm32l4xx_hal_msp.o
 .comment       0x000000000000007f       0x80 Core/Src/stm32l4xx_it.o
 .comment       0x000000000000007f       0x80 Core/Src/system_stm32l4xx.o
 .comment       0x000000000000007f       0x80 Drivers/STM32L4xx_HAL_Driver/Src/stm32l4xx_hal.o
 .comment       0x000000000000007f       0x80 Drivers/STM32L4xx_HAL_Driver/Src/stm32l4xx_hal_can.o
 .comment       0x000000000000007f       0x80 Drivers/STM32L4xx_HAL_Driver/Src/stm32l4xx_hal_cortex.o
 .comment       0x000000000000007f       0x80 Drivers/STM32L4xx_HAL_Driver/Src/stm32l4xx_hal_gpio.o
 .comment       0x000000000000007f       0x80 Drivers/STM32L4xx_HAL_Driver/Src/stm32l4xx_hal_pwr_ex.o
 .comment       0x000000000000007f       0x80 Drivers/STM32L4xx_HAL_Driver/Src/stm32l4xx_hal_rcc.o
 .comment       0x000000000000007f       0x80 Drivers/STM32L4xx_HAL_Driver/Src/stm32l4xx_hal_rcc_ex.o
 .comment       0x000000000000007f       0x80 Drivers/STM32L4xx_HAL_Driver/Src/stm32l4xx_hal_uart.o

.debug_frame    0x0000000000000000     0x1800
 .debug_frame   0x0000000000000000       0x28 Core/Src/Boot.o
 .debug_frame   0x0000000000000028      0x104 Core/Src/CanRx.o
 .debug_frame   0x000000000000012c       0xac Core/Src/main.o
 .debug_frame   0x00000000000001d8       0x98 Core/Src/stm32l4xx_hal_msp.o
 .debug_frame   0x0000000000000270       0xd8 Core/Src/stm32l4xx_it.o
 .debug_frame   0x0000000000000348       0x30 Core/Src/system_stm32l4xx.o
 .debug_frame   0x0000000000000378      0x274 Drivers/STM32L4xx_HAL_Driver/Src/stm32l4xx_hal.o
 .debug_frame   0x00000000000005ec      0x2e4 Drivers/STM32L4xx_HAL_Driver/Src/stm32l4xx_hal_can.o
 .debug_frame   0x00000000000008d0      0x15c Drivers/STM32L4xx_HAL_Driver/Src/stm32l4xx_hal_cortex.o
 .debug_frame   0x0000000000000a2c       0xd8 Drivers/STM32L4xx_HAL_Driver/Src/stm32l4xx_hal_gpio.o
 .debug_frame   0x0000000000000b04      0x2b8 Drivers/STM32L4xx_HAL_Driver/Src/stm32l4xx_hal_pwr_ex.o
 .debug_frame   0x0000000000000dbc      0x19c Drivers/STM32L4xx_HAL_Driver/Src/stm32l4xx_hal_rcc.o
 .debug_frame   0x0000000000000f58      0x204 Drivers/STM32L4xx_HAL_Driver/Src/stm32l4xx_hal_rcc_ex.o
 .debug_frame   0x000000000000115c      0x5f8 Drivers/STM32L4xx_HAL_Driver/Src/stm32l4xx_hal_uart.o
 .debug_frame   0x0000000000001754       0x2c /home/pavs/Ac6/SystemWorkbench/plugins/fr.ac6.mcu.externaltools.arm-none.linux64_1.17.0.201812190825/tools/compiler/bin/../lib/gcc/arm-none-eabi/7.3.1/thumb/v7e-m/fpv4-sp/hard/libgcc.a(_aeabi_uldivmod.o)
 .debug_frame   0x0000000000001780       0x34 /home/pavs/Ac6/SystemWorkbench/plugins/fr.ac6.mcu.externaltools.arm-none.linux64_1.17.0.201812190825/tools/compiler/bin/../lib/gcc/arm-none-eabi/7.3.1/thumb/v7e-m/fpv4-sp/hard/libgcc.a(_udivmoddi4.o)
 .debug_frame   0x00000000000017b4       0x2c /home/pavs/Ac6/SystemWorkbench/plugins/fr.ac6.mcu.externaltools.arm-none.linux64_1.17.0.201812190825/tools/compiler/bin/../lib/gcc/arm-none-eabi/7.3.1/../../../../arm-none-eabi/lib/thumb/v7e-m/fpv4-sp/hard/libc_nano.a(lib_a-init.o)
 .debug_frame   0x00000000000017e0       0x20 /home/pavs/Ac6/SystemWorkbench/plugins/fr.ac6.mcu.externaltools.arm-none.linux64_1.17.0.201812190825/tools/compiler/bin/../lib/gcc/arm-none-eabi/7.3.1/../../../../arm-none-eabi/lib/thumb/v7e-m/fpv4-sp/hard/libc_nano.a(lib_a-memset.o)

.debug_loc      0x0000000000000000     0x7ae0
 .debug_loc     0x0000000000000000       0x21 Core/Src/CanRx.o
 .debug_loc     0x0000000000000021       0xe8 Core/Src/stm32l4xx_hal_msp.o
 .debug_loc     0x0000000000000109       0xe0 Core/Src/system_stm32l4xx.o
 .debug_loc     0x00000000000001e9      0x20b Drivers/STM32L4xx_HAL_Driver/Src/stm32l4xx_hal.o
 .debug_loc     0x00000000000003f4      0xc0e Drivers/STM32L4xx_HAL_Driver/Src/stm32l4xx_hal_can.o
 .debug_loc     0x0000000000001002      0x5ce Drivers/STM32L4xx_HAL_Driver/Src/stm32l4xx_hal_cortex.o
 .debug_loc     0x00000000000015d0      0x2c7 Drivers/STM32L4xx_HAL_Driver/Src/stm32l4xx_hal_gpio.o
 .debug_loc     0x0000000000001897      0x99a Drivers/STM32L4xx_HAL_Driver/Src/stm32l4xx_hal_pwr_ex.o
 .debug_loc     0x0000000000002231      0x62e Drivers/STM32L4xx_HAL_Driver/Src/stm32l4xx_hal_rcc.o
 .debug_loc     0x000000000000285f     0x1c32 Drivers/STM32L4xx_HAL_Driver/Src/stm32l4xx_hal_rcc_ex.o
 .debug_loc     0x0000000000004491     0x364f Drivers/STM32L4xx_HAL_Driver/Src/stm32l4xx_hal_uart.o
